// Jest Snapshot v1, https://goo.gl/fbAQLP

exports[`Component: ReviewsItem should render correctly 1`] = `
<div>
  <li
    class="reviews__item"
  >
    <div
      class="reviews__user user"
    >
      <div
        class="reviews__avatar-wrapper user__avatar-wrapper"
      >
        <img
          alt="Reviews avatar"
          class="reviews__avatar user__avatar"
          height="54"
          src="https://images.unsplash.com/photo-1494790108377-be9c29b29330?ixid=MnwxMjA3fDB8MHxwaG90by1wYWdlfHx8fGVufDB8fHx8&ixlib=rb-1.2.1&auto=format&fit=crop&w=687&q=80"
          width="54"
        />
      </div>
      <span
        class="reviews__user-name"
      >
        Test
      </span>
    </div>
    <div
      class="reviews__info"
    >
      <div
        class="reviews__rating rating"
      >
        <div
          class="reviews__stars rating__stars"
        >
          <span
            style="width: 100%;"
          />
          <span
            class="visually-hidden"
          >
            Rating
          </span>
        </div>
      </div>
      <p
        class="reviews__text"
      >
        Lorem ipsum
      </p>
      <time
        class="reviews__time"
        datetime="2021-10-24T07:58:01.572Z"
      >
        2021-10-24T07:58:01.572Z
      </time>
    </div>
  </li>
</div>
`;
